[0m15:37:06.953484 [debug] [MainThread]: Sending event: {'category': 'dbt', 'action': 'invocation', 'label': 'start', 'context': [<snowplow_tracker.self_describing_json.SelfDescribingJson object at 0x000001A7322879E0>, <snowplow_tracker.self_describing_json.SelfDescribingJson object at 0x000001A73628AA80>, <snowplow_tracker.self_describing_json.SelfDescribingJson object at 0x000001A73614BD40>]}


============================== 15:37:06.981813 | 78867a35-11f1-4143-a6c5-476652edcdd9 ==============================
[0m15:37:06.981813 [info ] [MainThread]: Running with dbt=1.10.15
[0m15:37:06.981813 [debug] [MainThread]: running dbt with arguments {'invocation_command': 'dbt init dw_northwind', 'no_print': 'None', 'profiles_dir': 'C:\\Users\\Acer\\.dbt', 'cache_selected_only': 'False', 'write_json': 'True', 'warn_error': 'None', 'log_path': 'logs', 'fail_fast': 'False', 'partial_parse': 'True', 'send_anonymous_usage_stats': 'True', 'indirect_selection': 'eager', 'warn_error_options': 'WarnErrorOptionsV2(error=[], warn=[], silence=[])', 'static_parser': 'True', 'version_check': 'True', 'use_experimental_parser': 'False', 'quiet': 'False', 'introspect': 'True', 'empty': 'None', 'log_cache_events': 'False', 'debug': 'False', 'log_format': 'default', 'use_colors': 'True', 'printer_width': '80', 'target_path': 'None'}
[0m15:37:07.047552 [debug] [MainThread]: Starter project path: C:\Users\Acer\AppData\Local\Programs\Python\Python312\Lib\site-packages\dbt\include\starter_project
[0m15:37:07.101740 [info ] [MainThread]: 
Your new dbt project "dw_northwind" was created!

For more information on how to configure the profiles.yml file,
please consult the dbt documentation here:

  https://docs.getdbt.com/docs/configure-your-profile

One more thing:

Need help? Don't hesitate to reach out to us via GitHub issues or on Slack:

  https://community.getdbt.com/

Happy modeling!

[0m15:37:07.101740 [info ] [MainThread]: Setting up your profile.
[0m15:39:08.066774 [info ] [MainThread]: Profile dw_northwind written to C:\Users\Acer\.dbt\profiles.yml using target's profile_template.yml and your supplied values. Run 'dbt debug' to validate the connection.
[0m15:39:08.066774 [debug] [MainThread]: Command `dbt init` succeeded at 15:39:08.066774 after 121.34 seconds
[0m15:39:08.066774 [debug] [MainThread]: Sending event: {'category': 'dbt', 'action': 'invocation', 'label': 'end', 'context': [<snowplow_tracker.self_describing_json.SelfDescribingJson object at 0x000001A7365025A0>, <snowplow_tracker.self_describing_json.SelfDescribingJson object at 0x000001A737D0DFA0>, <snowplow_tracker.self_describing_json.SelfDescribingJson object at 0x000001A7361FFAA0>]}
[0m15:39:08.066774 [debug] [MainThread]: Flushing usage events
[0m15:39:10.086725 [debug] [MainThread]: An error was encountered while trying to flush usage events
[0m15:41:14.896160 [debug] [MainThread]: Sending event: {'category': 'dbt', 'action': 'invocation', 'label': 'start', 'context': [<snowplow_tracker.self_describing_json.SelfDescribingJson object at 0x0000021332357F20>, <snowplow_tracker.self_describing_json.SelfDescribingJson object at 0x00000213323554C0>, <snowplow_tracker.self_describing_json.SelfDescribingJson object at 0x00000213323540E0>]}


============================== 15:41:14.902881 | 77a48a96-86ec-4204-8cc2-5aa249f1b0af ==============================
[0m15:41:14.902881 [info ] [MainThread]: Running with dbt=1.10.15
[0m15:41:14.905908 [debug] [MainThread]: running dbt with arguments {'cache_selected_only': 'False', 'log_format': 'default', 'no_print': 'None', 'write_json': 'True', 'invocation_command': 'dbt debug', 'warn_error': 'None', 'static_parser': 'True', 'partial_parse': 'True', 'indirect_selection': 'eager', 'send_anonymous_usage_stats': 'True', 'fail_fast': 'False', 'warn_error_options': 'WarnErrorOptionsV2(error=[], warn=[], silence=[])', 'log_path': 'logs', 'use_experimental_parser': 'False', 'version_check': 'True', 'quiet': 'False', 'introspect': 'True', 'empty': 'None', 'log_cache_events': 'False', 'debug': 'False', 'profiles_dir': 'C:\\Users\\Acer\\.dbt', 'use_colors': 'True', 'printer_width': '80', 'target_path': 'None'}
[0m15:41:14.945089 [info ] [MainThread]: dbt version: 1.10.15
[0m15:41:14.945089 [info ] [MainThread]: python version: 3.12.10
[0m15:41:14.948408 [info ] [MainThread]: python path: C:\Users\Acer\AppData\Local\Programs\Python\Python312\python.exe
[0m15:41:14.948408 [info ] [MainThread]: os info: Windows-11-10.0.26200-SP0
[0m15:41:14.948408 [info ] [MainThread]: Error importing adapter: No module named 'dbt.adapters.snowflake'
[0m15:41:15.422385 [info ] [MainThread]: Using profiles dir at C:\Users\Acer\.dbt
[0m15:41:15.423395 [info ] [MainThread]: Using profiles.yml file at C:\Users\Acer\.dbt\profiles.yml
[0m15:41:15.423395 [info ] [MainThread]: Using dbt_project.yml file at C:\Users\Acer\Documents\Projeto Modelagem de Dados\dbt_project.yml
[0m15:41:15.423395 [info ] [MainThread]: Configuration:
[0m15:41:15.426089 [info ] [MainThread]:   profiles.yml file [[31mERROR invalid[0m]
[0m15:41:15.426089 [info ] [MainThread]:   dbt_project.yml file [[31mERROR not found[0m]
[0m15:41:15.428230 [info ] [MainThread]: Required dependencies:
[0m15:41:15.429730 [debug] [MainThread]: Executing "git --help"
[0m15:41:15.480378 [debug] [MainThread]: STDOUT: "b"usage: git [-v | --version] [-h | --help] [-C <path>] [-c <name>=<value>]\n           [--exec-path[=<path>]] [--html-path] [--man-path] [--info-path]\n           [-p | --paginate | -P | --no-pager] [--no-replace-objects] [--no-lazy-fetch]\n           [--no-optional-locks] [--no-advice] [--bare] [--git-dir=<path>]\n           [--work-tree=<path>] [--namespace=<name>] [--config-env=<name>=<envvar>]\n           <command> [<args>]\n\nThese are common Git commands used in various situations:\n\nstart a working area (see also: git help tutorial)\n   clone      Clone a repository into a new directory\n   init       Create an empty Git repository or reinitialize an existing one\n\nwork on the current change (see also: git help everyday)\n   add        Add file contents to the index\n   mv         Move or rename a file, a directory, or a symlink\n   restore    Restore working tree files\n   rm         Remove files from the working tree and from the index\n\nexamine the history and state (see also: git help revisions)\n   bisect     Use binary search to find the commit that introduced a bug\n   diff       Show changes between commits, commit and working tree, etc\n   grep       Print lines matching a pattern\n   log        Show commit logs\n   show       Show various types of objects\n   status     Show the working tree status\n\ngrow, mark and tweak your common history\n   backfill   Download missing objects in a partial clone\n   branch     List, create, or delete branches\n   commit     Record changes to the repository\n   merge      Join two or more development histories together\n   rebase     Reapply commits on top of another base tip\n   reset      Reset current HEAD to the specified state\n   switch     Switch branches\n   tag        Create, list, delete or verify a tag object signed with GPG\n\ncollaborate (see also: git help workflows)\n   fetch      Download objects and refs from another repository\n   pull       Fetch from and integrate with another repository or a local branch\n   push       Update remote refs along with associated objects\n\n'git help -a' and 'git help -g' list available subcommands and some\nconcept guides. See 'git help <command>' or 'git help <concept>'\nto read about a specific subcommand or concept.\nSee 'git help git' for an overview of the system.\n""
[0m15:41:15.480378 [debug] [MainThread]: STDERR: "b''"
[0m15:41:15.480378 [info ] [MainThread]:  - git [[32mOK found[0m]

[0m15:41:15.480378 [info ] [MainThread]: Connection test skipped since no profile was found
[0m15:41:15.480378 [info ] [MainThread]: [31m2 checks failed:[0m
[0m15:41:15.480378 [info ] [MainThread]: Could not load dbt_project.yml
Profile loading failed for the following reason:
Runtime Error
  Credentials in profile "dbt_energia", target "dev" invalid: Runtime Error
    Could not find adapter type snowflake!

Runtime Error
  Credentials in profile "dw_northwind", target "dev" invalid: 'schema' is a required property


[0m15:41:15.480378 [info ] [MainThread]: Project loading failed for the following reason:
 project path <C:\Users\Acer\Documents\Projeto Modelagem de Dados\dbt_project.yml> not found

[0m15:41:15.485650 [debug] [MainThread]: Command `dbt debug` failed at 15:41:15.485650 after 0.78 seconds
[0m15:41:15.485650 [debug] [MainThread]: Sending event: {'category': 'dbt', 'action': 'invocation', 'label': 'end', 'context': [<snowplow_tracker.self_describing_json.SelfDescribingJson object at 0x00000213321BD7F0>, <snowplow_tracker.self_describing_json.SelfDescribingJson object at 0x0000021333826F60>, <snowplow_tracker.self_describing_json.SelfDescribingJson object at 0x000002132FAA2090>]}
[0m15:41:15.485650 [debug] [MainThread]: Flushing usage events
[0m15:41:16.543476 [debug] [MainThread]: An error was encountered while trying to flush usage events
